// Jest Snapshot v1, https://goo.gl/fbAQLP

exports[`trail card renders correctly 1`] = `
<div
  className="flex items-center pa2 hover-bg-light-green bg-washed-green"
  id="trailInfo"
  onClick={[Function]}
  style={
    Object {
      "borderRadius": "25px",
      "opacity": 1,
      "outline": "none",
      "width": "70%",
    }
  }
>
  <img
    className="ph3"
  />
  <div
    className="flex flex-column"
  >
    <div>
      <b
        className="pv2 "
      >
        Hollywood Sign Trail
      </b>
      <b
        className="pv2 "
      >
        
      </b>
    </div>
    <b
      className="pv2 "
    >
      Trail Length: undefined miles Difficulty: undefined
    </b>
    <b
      className="pb2 "
    >
      Hike the Hollywood Sign!
       
    </b>
  </div>
</div>
`;
